// Vitest Snapshot v1, https://vitest.dev/guide/snapshot.html

exports[`Should work 1`] = `
"
 [41m[37m ERROR [39m[49m stdin.ref is not a function

 [2mfile:///Users/willcory/evmts-monorepo/node_modules/ink/src/components/App.tsx:166:11[22m

 [2m- value[90m (file:///Users/willcory/evmts-monorepo/node_modules/ink/src/components/App.tsx:166:11)[22m[39m
 [2m- [90m (file:///Users/willcory/evmts-monorepo/node_modules/ink/src/hooks/use-input.ts:128:3)[22m[39m
 [2m-commitHookEffectList[90m (/Users/willcory/evmts-monorepo/node_modules/react-reconciler/cjs/react-reco[22m[39m
  [2mount[22m                [90m[2mnciler.development.js:14778:26)[22m[39m
 [2m-commitPassiveMountOn[90m (/Users/willcory/evmts-monorepo/node_modules/react-reconciler/cjs/react-reco[22m[39m
  [2miber[22m                [90m[2mnciler.development.js:16609:11)[22m[39m
 [2m-commitPassiveMountEffects[90m (/Users/willcory/evmts-monorepo/node_modules/react-reconciler/cjs/react[22m[39m
  [2mcomplete[22m                 [90m[2m-reconciler.development.js:16569:9)[22m[39m
 [2m-commitPassiveMountEffec[90m (/Users/willcory/evmts-monorepo/node_modules/react-reconciler/cjs/react-r[22m[39m
  [2ms_begin[22m                [90m[2meconciler.development.js:16556:7)[22m[39m
 [2m-commitPassiveMountEf[90m (/Users/willcory/evmts-monorepo/node_modules/react-reconciler/cjs/react-reco[22m[39m
  [2mects[22m                [90m[2mnciler.development.js:16544:3)[22m[39m
 [2m-flushPassiveEffect[90m (/Users/willcory/evmts-monorepo/node_modules/react-reconciler/cjs/react-reconc[22m[39m
  [2mImpl[22m              [90m[2miler.development.js:19182:3)[22m[39m
 [2m-flushPassiveEffe[90m (/Users/willcory/evmts-monorepo/node_modules/react-reconciler/cjs/react-reconcil[22m[39m
  [2mts[22m              [90m[2mer.development.js:19127:14)[22m[39m
 [2m-[90m (/Users/willcory/evmts-monorepo/node_modules/react-reconciler/cjs/react-reconciler.development.j[22m[39m
  [90m[2ms:18912:9)[22m[39m
"
`;
