Building Rust Foundry wrapper...
Looking for cbindgen...
cbindgen command configured
