// Bun Snapshot v1, https://goo.gl/fbAQLP

exports[`should run a cli 1`] = `
ShellOutput {
  "exitCode": 0,
  "stderr": {
    "data": [],
    "type": "Buffer",
  },
  "stdout": {
    "data": [
      116,
      101,
      118,
      109,
      32,
      114,
      117,
      110,
      32,
      47,
      85,
      115,
      101,
      114,
      115,
      47,
      119,
      105,
      108,
      108,
      105,
      97,
      109,
      99,
      111,
      114,
      121,
      47,
      116,
      101,
      118,
      109,
      45,
      109,
      111,
      110,
      111,
      114,
      101,
      112,
      111,
      47,
      98,
      117,
      110,
      100,
      108,
      101,
      114,
      45,
      112,
      97,
      99,
      107,
      97,
      103,
      101,
      115,
      47,
      116,
      101,
      118,
      109,
      45,
      114,
      117,
      110,
      47,
      115,
      114,
      99,
      47,
      116,
      101,
      118,
      109,
      45,
      114,
      117,
      110,
      46,
      106,
      115,
      32,
      46,
      47,
      101,
      120,
      97,
      109,
      112,
      108,
      101,
      47,
      101,
      120,
      97,
      109,
      112,
      108,
      101,
      46,
      116,
      115,
      10,
      98,
      117,
      110,
      32,
      114,
      117,
      110,
      32,
      45,
      45,
      98,
      117,
      110,
      32,
      45,
      45,
      99,
      111,
      110,
      102,
      105,
      103,
      61,
      47,
      85,
      115,
      101,
      114,
      115,
      47,
      119,
      105,
      108,
      108,
      105,
      97,
      109,
      99,
      111,
      114,
      121,
      47,
      116,
      101,
      118,
      109,
      45,
      109,
      111,
      110,
      111,
      114,
      101,
      112,
      111,
      47,
      98,
      117,
      110,
      100,
      108,
      101,
      114,
      45,
      112,
      97,
      99,
      107,
      97,
      103,
      101,
      115,
      47,
      116,
      101,
      118,
      109,
      45,
      114,
      117,
      110,
      47,
      98,
      117,
      110,
      102,
      105,
      103,
      46,
      116,
      111,
      109,
      108,
      32,
      45,
      45,
      105,
      110,
      115,
      116,
      97,
      108,
      108,
      61,
      102,
      97,
      108,
      108,
      98,
      97,
      99,
      107,
      32,
      46,
      47,
      101,
      120,
      97,
      109,
      112,
      108,
      101,
      47,
      101,
      120,
      97,
      109,
      112,
      108,
      101,
      46,
      116,
      115,
      32,
      10,
      50,
      48,
      110,
      32,
      115,
      117,
      99,
      99,
      101,
      115,
      115,
      10,
    ],
    "type": "Buffer",
  },
}
`;
