// Vitest Snapshot v1, https://vitest.dev/guide/snapshot.html

exports[`defineConfig > should throw error when forge command fails 1`] = `
"FoundryNotFoundError: Unable to resolve EVMts CompilerConfig at ./
Failed to resolve forge config using \\"forge config --json\\" command. Make sure forge is installed and accessible and forge config --json works.
note: forge is used to fetch remappings only if forgeConfig is set. If you would prefer to not use forge you can set remappings
or lib directly in your EVMts compiler config and then EVMts will run without forge"
`;

exports[`defineConfig > should throw error when forge command output is not valid JSON 1`] = `
"FoundryConfigError: Unable to resolve EVMts CompilerConfig at ./
Unable to resolve foundry config using forge config --json"
`;

exports[`defineConfig > should throw error when forge remappings format is incorrect 1`] = `
"InvalidRemappingsError: Unable to resolve EVMts CompilerConfig at ./
Invalid remappings: invalid=remapping=format"
`;

exports[`defineConfig > should throw if invalid config 1`] = `
"InvalidConfigError: Unable to resolve EVMts CompilerConfig at ./
Invalid EVMts CompilerConfig detected"
`;
